P,1,28
S,3,28
T,5,28,85,28
T,84,28,4,28
B,9,26
R,2,2,7,2
╔════════════════════════════════════════════════════════════════════════════════════════╗
║                                                                                        ║
║                                                                                        ║
║                                                                                        ║
║                                                                                        ║
║                                                                                        ║
║                                                                                        ║
║                                                                                        ║
║                                                                                        ║
║                                                                                        ║
║                                                                                        ║
║                                                                                        ║
║                                                                                        ║
║                                                                                        ║
║                                                                                        ║
║                                                                                        ║
║                                                                                        ║
║                                                                                        ║
║                                                                                        ║
║                                                                                        ║
║                                                                                        ║
║                                                                                        ║
║                                                                                        ║
║                                                                                        ║
║                                                                                        ║
║                                                                                        ║
║                                                                                        ║
║        ══════                                                                          ║
░                                                                                        ░
╚════════════════════════════════════════════════════════════════════════════════════════╝