P,1,28
S,4,28
T,1,2,84,1
T,84,25,4,28
B,9,26
R,3,2,8,2
R,76,20,85,20
R,67,15,85,15
S,69,6
S,70,6
S,71,6
S,72,6
S,73,6
S,74,6
S,75,6
╔══════════════════════════════════════════╦═════════════════════════════════════════════╗
║                                          ║                                             ║
║                                          ║                                 ════════    ║
║   ═══════════════════ ══ ═════           ║                                             ║
║                                          ║                                             ║
║                                 ═════    ║                                             ║
║                                          ║                                             ║
║                            ═════         ║                                             ║
║                                          ║                                             ║
║           ═════      ═════               ║                                             ║
║                                          ║                                             ║
╠═══  ═════                                ║                                             ║
║                                          ║                                             ║
║           ══════                         ║                                             ║
║                                          ║                                             ║
║                  ══════                  ║                                             ║
║                                          ║                        ═════════════════════╣
║                          ══════          ║                                             ║
║                                          ║                                             ║
║                    ══════                ║                                             ░
║                                          ║             ══════                          ║
║                           ══════         ║                                 ══════════  ║
║                                          ║                                             ║
║                                    ══════╬══════                    ══════             ║
║                                          ║                                             ║
║                  ══════      ══════      ║                 ══════                      ║
║                                          ║          ══════                             ║
║         ══════                           ║                                             ║
░                                          ║      ══════                                 ║
╚══════════════════════════════════════════╩═════════════════════════════════════════════╝