P,1,28
T,9,1,84,28
╔══════════════════════════════════════════╦═════════════════════════════════════════════╗
║                                          ║                                             ░
║        ════════════                      ║                            ═════════════════╣
║                      ═════════           ║                   ══════                    ║
║                                          ║                                             ║
║                                 ═════    ║                          ══════             ║
║                                          ║                                             ║
║                            ═════         ║                   ══════                    ║
║                                          ║                                             ║
║           ═════    ═══════               ╠══════════════════                           ║
║                                          ║                                             ║
╠══════════                                ║                    ══════                   ║
║                                          ║                           ══════            ║
║           ══════                         ║                                 ══════      ║
║                                          ║                                             ║
║                  ══════                  ║                                       ══════╣
║                                          ║                                             ║
║                          ══════          ║                     ══════════════════      ║
║                                          ║                                             ║
║                    ══════                ║               ══════                        ║
║                                          ║                                             ║
║                           ══════         ║        ══════                               ║
║                                          ║                                             ║
║                                    ══════╬══════                                       ║
║                                          ║                                             ║
║                  ════════════════        ║       ══════                                ║
║                                          ║          ══════                             ║
║         ══════                           ║                                             ║
░                                          ║                 ══════                      ║
╚══════════════════════════════════════════╩═════════════════════════════════════════════╝